../Core/Src/main.c:173:6:btn_pressing_callback	24	static
../Core/Src/main.c:200:6:btn_press_short_callback	16	static
../Core/Src/main.c:205:6:btn_release_callback	16	static
../Core/Src/main.c:210:6:btn_press_timeout_callback	16	static
../Core/Src/main.c:216:6:button_init	24	static
../Core/Src/main.c:222:6:button_handle	24	static
../Core/Src/main.c:268:6:MQSensor_Init	24	static
../Core/Src/main.c:279:19:MQSensor_get_adc	32	static
../Core/Src/main.c:313:6:MQSensor_powerOn	16	static
../Core/Src/main.c:318:6:MQSensor_calc	16	static
../Core/Src/main.c:324:16:Flash_Earse	40	static
../Core/Src/main.c:351:19:Flash_Write_Array	40	static
../Core/Src/main.c:371:19:Flash_Read_Array	32	static
../Core/Src/main.c:390:19:Flash_Write_Struct	32	static
../Core/Src/main.c:396:19:Flash_Read_Struct	24	static
../Core/Src/main.c:402:6:heating_display	16	static
../Core/Src/main.c:418:6:measuring_display	16	static
../Core/Src/main.c:435:6:idle_display	8	static
../Core/Src/main.c:441:6:store_data	8	static
../Core/Src/main.c:450:6:warning	8	static
../Core/Src/main.c:455:6:send_OK	16	static
../Core/Src/main.c:461:6:send_allData	4	static
../Core/Src/main.c:466:19:send_test	96	static
../Core/Src/main.c:527:6:communicating_handle	8	static
../Core/Src/main.c:589:6:uart_handle	8	static
../Core/Src/main.c:620:5:main	16	static
../Core/Src/main.c:699:6:SystemClock_Config	88	static
../Core/Src/main.c:748:13:MX_ADC1_Init	24	static
../Core/Src/main.c:795:13:MX_I2C1_Init	8	static
../Core/Src/main.c:826:13:MX_I2C2_Init	8	static
../Core/Src/main.c:857:13:MX_RTC_Init	16	static
../Core/Src/main.c:936:13:MX_USART1_UART_Init	8	static
../Core/Src/main.c:969:13:MX_GPIO_Init	40	static
../Core/Src/main.c:1016:6:HAL_GPIO_EXTI_Callback	16	static
../Core/Src/main.c:1028:6:HAL_UART_RxCpltCallback	16	static
../Core/Src/main.c:1045:6:Error_Handler	4	static
