../Core/Src/main.c:199:6:btn_pressing_callback	24	static
../Core/Src/main.c:226:6:btn_press_short_callback	16	static
../Core/Src/main.c:231:6:btn_release_callback	16	static
../Core/Src/main.c:236:6:btn_press_timeout_callback	16	static
../Core/Src/main.c:242:6:button_init	24	static
../Core/Src/main.c:248:6:button_handle	24	static
../Core/Src/main.c:294:6:MQSensor_Init	24	static
../Core/Src/main.c:305:19:MQSensor_get_adc	32	static
../Core/Src/main.c:339:6:MQSensor_powerOn	16	static
../Core/Src/main.c:344:6:MQSensor_calc	32	static
../Core/Src/main.c:353:6:AHTSensor_Init	40	static
../Core/Src/main.c:373:6:AHTSensor_Read	40	static
../Core/Src/main.c:387:16:Flash_Earse	40	static
../Core/Src/main.c:414:19:Flash_Write_Array	40	static
../Core/Src/main.c:434:19:Flash_Read_Array	32	static
../Core/Src/main.c:453:19:Flash_Write_Struct	24	static
../Core/Src/main.c:459:19:Flash_Read_Struct	24	static
../Core/Src/main.c:465:6:heating_display	16	static
../Core/Src/main.c:481:6:measuring_display	16	static
../Core/Src/main.c:498:6:idle_display	8	static
../Core/Src/main.c:504:6:store_data	224	static
../Core/Src/main.c:540:6:warning	8	static
../Core/Src/main.c:545:6:send_OK	16	static
../Core/Src/main.c:551:6:send_allData	120	static
../Core/Src/main.c:574:19:sendUart	124	static
../Core/Src/main.c:585:19:printDebug	24	static
../Core/Src/main.c:596:19:send_test	104	static
../Core/Src/main.c:663:6:communicating_handle	16	static
../Core/Src/main.c:737:6:uart_handle	8	static
../Core/Src/main.c:768:5:main	24	static
../Core/Src/main.c:858:6:SystemClock_Config	88	static
../Core/Src/main.c:907:13:MX_ADC1_Init	24	static
../Core/Src/main.c:954:13:MX_I2C1_Init	8	static
../Core/Src/main.c:985:13:MX_I2C2_Init	8	static
../Core/Src/main.c:1016:13:MX_RTC_Init	16	static
../Core/Src/main.c:1095:13:MX_USART1_UART_Init	8	static
../Core/Src/main.c:1128:13:MX_GPIO_Init	40	static
../Core/Src/main.c:1175:6:HAL_GPIO_EXTI_Callback	16	static
../Core/Src/main.c:1187:6:HAL_UART_RxCpltCallback	16	static
../Core/Src/main.c:1204:6:Error_Handler	4	static
