../Core/Src/main.c:206:6:btn_pressing_callback	24	static
../Core/Src/main.c:233:6:btn_press_short_callback	16	static
../Core/Src/main.c:238:6:btn_release_callback	16	static
../Core/Src/main.c:243:6:btn_press_timeout_callback	16	static
../Core/Src/main.c:249:6:button_init	24	static
../Core/Src/main.c:255:6:button_handle	24	static
../Core/Src/main.c:301:6:MQSensor_Init	24	static
../Core/Src/main.c:312:19:MQSensor_get_adc	32	static
../Core/Src/main.c:346:6:MQSensor_powerOn	16	static
../Core/Src/main.c:351:6:MQSensor_calc	32	static
../Core/Src/main.c:360:6:AHTSensor_Init	40	static
../Core/Src/main.c:380:6:AHTSensor_Read	40	static
../Core/Src/main.c:394:16:Flash_Earse	40	static
../Core/Src/main.c:421:19:Flash_Write_Array	40	static
../Core/Src/main.c:441:19:Flash_Read_Array	32	static
../Core/Src/main.c:460:19:Flash_Write_Struct	24	static
../Core/Src/main.c:466:19:Flash_Read_Struct	24	static
../Core/Src/main.c:472:6:heating_display	16	static
../Core/Src/main.c:488:6:measuring_display	16	static
../Core/Src/main.c:505:6:idle_display	8	static
../Core/Src/main.c:511:6:store_data	224	static
../Core/Src/main.c:547:6:warning	8	static
../Core/Src/main.c:552:6:send_OK	16	static
../Core/Src/main.c:558:6:send_allData	120	static
../Core/Src/main.c:581:19:sendUart	124	static
../Core/Src/main.c:592:19:printDebug	24	static
../Core/Src/main.c:603:19:send_test	104	static
../Core/Src/main.c:670:19:setTime	24	static
../Core/Src/main.c:683:19:setDate	24	static
../Core/Src/main.c:696:6:communicating_handle	16	static
../Core/Src/main.c:816:6:uart_handle	8	static
../Core/Src/main.c:847:5:main	24	static
../Core/Src/main.c:937:6:SystemClock_Config	88	static
../Core/Src/main.c:986:13:MX_ADC1_Init	24	static
../Core/Src/main.c:1033:13:MX_I2C1_Init	8	static
../Core/Src/main.c:1064:13:MX_I2C2_Init	8	static
../Core/Src/main.c:1095:13:MX_RTC_Init	16	static
../Core/Src/main.c:1174:13:MX_USART1_UART_Init	8	static
../Core/Src/main.c:1207:13:MX_GPIO_Init	40	static
../Core/Src/main.c:1254:6:HAL_GPIO_EXTI_Callback	16	static
../Core/Src/main.c:1266:6:HAL_UART_RxCpltCallback	16	static
../Core/Src/main.c:1283:6:Error_Handler	4	static
