../Core/Src/main.c:114:6:btn_pressing_callback	16	static
../Core/Src/main.c:133:6:btn_press_short_callback	16	static
../Core/Src/main.c:137:6:btn_release_callback	16	static
../Core/Src/main.c:141:6:btn_press_timeout_callback	16	static
../Core/Src/main.c:147:6:button_init	24	static
../Core/Src/main.c:153:6:button_handle	24	static
../Core/Src/main.c:199:6:MQSensor_Init	24	static
../Core/Src/main.c:210:19:MQSensor_get_adc	32	static
../Core/Src/main.c:244:6:MQSensor_powerOn	16	static
../Core/Src/main.c:249:6:MQSensor_calc	16	static
../Core/Src/main.c:258:6:heating_display	16	static
../Core/Src/main.c:274:6:measuring_display	16	static
../Core/Src/main.c:289:6:idle_display	8	static
../Core/Src/main.c:296:6:store_data	8	static
../Core/Src/main.c:305:6:warning	8	static
../Core/Src/main.c:310:6:communicating_handle	4	static
../Core/Src/main.c:323:5:main	16	static
../Core/Src/main.c:398:6:SystemClock_Config	88	static
../Core/Src/main.c:447:13:MX_ADC1_Init	24	static
../Core/Src/main.c:494:13:MX_I2C1_Init	8	static
../Core/Src/main.c:525:13:MX_I2C2_Init	8	static
../Core/Src/main.c:556:13:MX_RTC_Init	16	static
../Core/Src/main.c:614:13:MX_USART1_UART_Init	8	static
../Core/Src/main.c:647:13:MX_GPIO_Init	40	static
../Core/Src/main.c:684:6:HAL_GPIO_EXTI_Callback	16	static
../Core/Src/main.c:703:6:Error_Handler	4	static
